------------------------------------------------------------
TimeQuest Timing Analyzer Summary
------------------------------------------------------------

Type  : Slow 1200mV 85C Model Setup 'bc:bloco_controle|state.S3'
Slack : -2.266
TNS   : -4.248

Type  : Slow 1200mV 85C Model Setup 'clk'
Slack : -2.137
TNS   : -33.857

Type  : Slow 1200mV 85C Model Setup 'bc:bloco_controle|state.S0'
Slack : -1.726
TNS   : -1.726

Type  : Slow 1200mV 85C Model Setup 'bc:bloco_controle|state.S1'
Slack : -1.719
TNS   : -1.719

Type  : Slow 1200mV 85C Model Hold 'clk'
Slack : -1.251
TNS   : -1.534

Type  : Slow 1200mV 85C Model Hold 'bc:bloco_controle|state.S1'
Slack : -0.851
TNS   : -0.851

Type  : Slow 1200mV 85C Model Hold 'bc:bloco_controle|state.S3'
Slack : -0.335
TNS   : -0.356

Type  : Slow 1200mV 85C Model Hold 'bc:bloco_controle|state.S0'
Slack : 1.560
TNS   : 0.000

Type  : Slow 1200mV 85C Model Recovery 'clk'
Slack : 0.044
TNS   : 0.000

Type  : Slow 1200mV 85C Model Removal 'clk'
Slack : 0.572
TNS   : 0.000

Type  : Slow 1200mV 85C Model Minimum Pulse Width 'clk'
Slack : -3.000
TNS   : -33.000

Type  : Slow 1200mV 85C Model Minimum Pulse Width 'bc:bloco_controle|state.S1'
Slack : 0.361
TNS   : 0.000

Type  : Slow 1200mV 85C Model Minimum Pulse Width 'bc:bloco_controle|state.S3'
Slack : 0.383
TNS   : 0.000

Type  : Slow 1200mV 85C Model Minimum Pulse Width 'bc:bloco_controle|state.S0'
Slack : 0.413
TNS   : 0.000

Type  : Slow 1200mV 0C Model Setup 'bc:bloco_controle|state.S3'
Slack : -1.982
TNS   : -3.704

Type  : Slow 1200mV 0C Model Setup 'clk'
Slack : -1.837
TNS   : -27.711

Type  : Slow 1200mV 0C Model Setup 'bc:bloco_controle|state.S0'
Slack : -1.498
TNS   : -1.498

Type  : Slow 1200mV 0C Model Setup 'bc:bloco_controle|state.S1'
Slack : -1.496
TNS   : -1.496

Type  : Slow 1200mV 0C Model Hold 'clk'
Slack : -1.161
TNS   : -1.456

Type  : Slow 1200mV 0C Model Hold 'bc:bloco_controle|state.S1'
Slack : -0.775
TNS   : -0.775

Type  : Slow 1200mV 0C Model Hold 'bc:bloco_controle|state.S3'
Slack : -0.300
TNS   : -0.303

Type  : Slow 1200mV 0C Model Hold 'bc:bloco_controle|state.S0'
Slack : 1.469
TNS   : 0.000

Type  : Slow 1200mV 0C Model Recovery 'clk'
Slack : 0.121
TNS   : 0.000

Type  : Slow 1200mV 0C Model Removal 'clk'
Slack : 0.484
TNS   : 0.000

Type  : Slow 1200mV 0C Model Minimum Pulse Width 'clk'
Slack : -3.000
TNS   : -33.000

Type  : Slow 1200mV 0C Model Minimum Pulse Width 'bc:bloco_controle|state.S3'
Slack : 0.399
TNS   : 0.000

Type  : Slow 1200mV 0C Model Minimum Pulse Width 'bc:bloco_controle|state.S1'
Slack : 0.405
TNS   : 0.000

Type  : Slow 1200mV 0C Model Minimum Pulse Width 'bc:bloco_controle|state.S0'
Slack : 0.426
TNS   : 0.000

Type  : Fast 1200mV 0C Model Setup 'bc:bloco_controle|state.S3'
Slack : -0.901
TNS   : -1.637

Type  : Fast 1200mV 0C Model Setup 'clk'
Slack : -0.759
TNS   : -9.418

Type  : Fast 1200mV 0C Model Setup 'bc:bloco_controle|state.S1'
Slack : -0.606
TNS   : -0.606

Type  : Fast 1200mV 0C Model Setup 'bc:bloco_controle|state.S0'
Slack : -0.596
TNS   : -0.596

Type  : Fast 1200mV 0C Model Hold 'clk'
Slack : -0.815
TNS   : -1.259

Type  : Fast 1200mV 0C Model Hold 'bc:bloco_controle|state.S1'
Slack : -0.456
TNS   : -0.456

Type  : Fast 1200mV 0C Model Hold 'bc:bloco_controle|state.S3'
Slack : -0.177
TNS   : -0.204

Type  : Fast 1200mV 0C Model Hold 'bc:bloco_controle|state.S0'
Slack : 0.917
TNS   : 0.000

Type  : Fast 1200mV 0C Model Recovery 'clk'
Slack : 0.453
TNS   : 0.000

Type  : Fast 1200mV 0C Model Removal 'clk'
Slack : 0.224
TNS   : 0.000

Type  : Fast 1200mV 0C Model Minimum Pulse Width 'clk'
Slack : -3.000
TNS   : -34.734

Type  : Fast 1200mV 0C Model Minimum Pulse Width 'bc:bloco_controle|state.S1'
Slack : 0.394
TNS   : 0.000

Type  : Fast 1200mV 0C Model Minimum Pulse Width 'bc:bloco_controle|state.S3'
Slack : 0.419
TNS   : 0.000

Type  : Fast 1200mV 0C Model Minimum Pulse Width 'bc:bloco_controle|state.S0'
Slack : 0.443
TNS   : 0.000

------------------------------------------------------------
