Info: Start Nativelink Simulation process

========= EDA Simulation Settings =====================

Sim Mode              :  Gate
Family                :  cycloneii
Quartus root          :  /opt/altera/13.0sp1/quartus/linux64/
Quartus sim root      :  /opt/altera/13.0sp1/quartus/eda/sim_lib
Simulation Tool       :  modelsim-altera
Simulation Language   :  vhdl
Version               :  93
Simulation Mode       :  GUI
Sim Output File       :  multiplier.vho
Sim SDF file          :  multiplier__vhdl.sdo
Sim dir               :  simulation/modelsim

=======================================================

Info: Starting NativeLink simulation with ModelSim-Altera software
Sourced NativeLink script /opt/altera/13.0sp1/quartus/common/tcl/internal/nativelink/modelsim.tcl
Warning: File multiplier_run_msim_gate_vhdl.do already exists - backing up current file as multiplier_run_msim_gate_vhdl.do.bak10
Probing transcript
ModelSim-Altera Info: vcom -reportprogress 300 -work work /home/kuru/UFSC/SD/QuartusProjects/TP/multiplier.vhd
ModelSim-Altera Info: # Model Technology ModelSim ALTERA vcom 10.1d Compiler 2012.11 Nov  2 2012
ModelSim-Altera Info: # -- Loading package STANDARD
ModelSim-Altera Info: # -- Loading package TEXTIO
ModelSim-Altera Info: # -- Loading package std_logic_1164
ModelSim-Altera Info: # -- Loading package NUMERIC_STD
ModelSim-Altera Info: # -- Loading package multiplier_pkg
ModelSim-Altera Info: # -- Compiling entity multiplier
ModelSim-Altera Info: # -- Compiling architecture estrutura of multiplier
ModelSim-Altera Info: # do multiplier_run_msim_gate_vhdl.do 
ModelSim-Altera Info: # if {[file exists gate_work]} {
ModelSim-Altera Info: # 	vdel -lib gate_work -all
ModelSim-Altera Info: # }
ModelSim-Altera Info: # vlib gate_work
ModelSim-Altera Info: # vmap work gate_work
ModelSim-Altera Info: # Copying /opt/altera/13.0sp1/modelsim_ase/linuxaloem/../modelsim.ini to modelsim.ini
ModelSim-Altera Info: # Modifying modelsim.ini
ModelSim-Altera Warning: # ** Warning: Copied /opt/altera/13.0sp1/modelsim_ase/linuxaloem/../modelsim.ini to modelsim.ini.
ModelSim-Altera Info: #          Updated modelsim.ini.
ModelSim-Altera Info: # 
ModelSim-Altera Info: # vcom -93 -work work {multiplier.vho}
ModelSim-Altera Info: # Model Technology ModelSim ALTERA vcom 10.1d Compiler 2012.11 Nov  2 2012
ModelSim-Altera Info: # -- Loading package STANDARD
ModelSim-Altera Info: # -- Loading package TEXTIO
ModelSim-Altera Info: # -- Loading package std_logic_1164
ModelSim-Altera Info: # -- Loading package VITAL_Timing
ModelSim-Altera Info: # -- Loading package VITAL_Primitives
ModelSim-Altera Info: # -- Loading package cycloneii_atom_pack
ModelSim-Altera Info: # -- Loading package cycloneii_components
ModelSim-Altera Info: # -- Compiling entity multiplier
ModelSim-Altera Info: # -- Compiling architecture structure of multiplier
ModelSim-Altera Info: # 
ModelSim-Altera Info: vsim -do multiplier_run_msim_gate_vhdl.do -l msim_transcript -i -sdftyp /=/home/kuru/UFSC/SD/QuartusProjects/TP/simulation/modelsim/multiplier_vhd.sdo work.multiplier
ModelSim-Altera Info: # vsim -do multiplier_run_msim_gate_vhdl.do -l msim_transcript -i -sdftyp /=/home/kuru/UFSC/SD/QuartusProjects/TP/simulation/modelsim/multiplier_vhd.sdo work.multiplier 
ModelSim-Altera Info: # Loading std.standard
ModelSim-Altera Info: # Loading std.textio(body)
ModelSim-Altera Info: # Loading ieee.std_logic_1164(body)
ModelSim-Altera Info: # Loading ieee.vital_timing(body)
ModelSim-Altera Info: # Loading ieee.vital_primitives(body)
ModelSim-Altera Info: # Loading cycloneii.cycloneii_atom_pack(body)
ModelSim-Altera Info: # Loading cycloneii.cycloneii_components
ModelSim-Altera Info: # Loading work.multiplier(structure)
ModelSim-Altera Info: # Loading cycloneii.cycloneii_lcell_ff(vital_lcell_ff)
ModelSim-Altera Info: # Loading cycloneii.cycloneii_and1(altvital)
ModelSim-Altera Info: # Loading cycloneii.cycloneii_lcell_comb(vital_lcell_comb)
ModelSim-Altera Info: # Loading ieee.std_logic_arith(body)
ModelSim-Altera Info: # Loading cycloneii.cycloneii_io(structure)
ModelSim-Altera Info: # Loading cycloneii.cycloneii_mux21(altvital)
ModelSim-Altera Info: # Loading cycloneii.cycloneii_dffe(behave)
ModelSim-Altera Info: # Loading cycloneii.cycloneii_asynch_io(behave)
ModelSim-Altera Info: # Loading cycloneii.cycloneii_clkctrl(vital_clkctrl)
ModelSim-Altera Info: # Loading cycloneii.cycloneii_ena_reg(behave)
ModelSim-Altera Info: # Loading instances from /home/kuru/UFSC/SD/QuartusProjects/TP/simulation/modelsim/multiplier_vhd.sdo
ModelSim-Altera Info: # Loading timing data from /home/kuru/UFSC/SD/QuartusProjects/TP/simulation/modelsim/multiplier_vhd.sdo
ModelSim-Altera Warning: # ** Warning: Design size of 2 instances exceeds ModelSim ALTERA recommended capacity.
ModelSim-Altera Info: # This may because you are loading cell libraries which are not recommended with
ModelSim-Altera Info: # the ModelSim Altera version. Expect performance to be adversely affected.
ModelSim-Altera Info: # ** Note: (vsim-3587) SDF Backannotation Successfully Completed.
ModelSim-Altera Info: #    Time: 0 ps  Iteration: 0  Instance: /multiplier File: multiplier.vho
ModelSim-Altera Info: # do multiplier_run_msim_gate_vhdl.do 
ModelSim-Altera Info: # if {[file exists gate_work]} {
ModelSim-Altera Info: # 	vdel -lib gate_work -all
ModelSim-Altera Info: # }
ModelSim-Altera Info: # vlib gate_work
ModelSim-Altera Info: # vmap work gate_work
ModelSim-Altera Info: # Modifying modelsim.ini
ModelSim-Altera Info: # 
ModelSim-Altera Info: # vcom -93 -work work {multiplier.vho}
ModelSim-Altera Info: # Model Technology ModelSim ALTERA vcom 10.1d Compiler 2012.11 Nov  2 2012
ModelSim-Altera Info: # -- Loading package STANDARD
ModelSim-Altera Info: # -- Loading package TEXTIO
ModelSim-Altera Info: # -- Loading package std_logic_1164
ModelSim-Altera Info: # -- Loading package VITAL_Timing
ModelSim-Altera Info: # -- Loading package VITAL_Primitives
ModelSim-Altera Info: # -- Loading package cycloneii_atom_pack
ModelSim-Altera Info: # -- Loading package cycloneii_components
ModelSim-Altera Info: # -- Compiling entity multiplier
ModelSim-Altera Info: # -- Compiling architecture structure of multiplier
ModelSim-Altera Info: # 
ModelSim-Altera Info: add wave -position insertpoint  \
ModelSim-Altera Info: sim:/multiplier/\\a~combout\\ \
ModelSim-Altera Info: sim:/multiplier/\\bloco_controle|CA~1_combout\\ \
ModelSim-Altera Info: sim:/multiplier/\\bloco_controle|CA~combout\\ \
ModelSim-Altera Info: sim:/multiplier/\\bloco_controle|CP~combout\\ \
ModelSim-Altera Info: sim:/multiplier/\\bloco_controle|Selector3~0_combout\\ \
ModelSim-Altera Info: sim:/multiplier/\\bloco_controle|WideOr0~0_combout\\ \
ModelSim-Altera Info: sim:/multiplier/\\bloco_controle|WideOr0~combout\\ \
ModelSim-Altera Info: sim:/multiplier/\\bloco_controle|WideOr1~combout\\ \
ModelSim-Altera Info: sim:/multiplier/\\bloco_controle|WideOr2~0_combout\\ \
ModelSim-Altera Info: sim:/multiplier/\\bloco_controle|WideOr3~0_combout\\ \
ModelSim-Altera Info: sim:/multiplier/\\bloco_controle|dec~combout\\ \
ModelSim-Altera Info: sim:/multiplier/\\bloco_controle|ini~combout\\ \
ModelSim-Altera Info: sim:/multiplier/\\bloco_controle|process_0~0_combout\\ \
ModelSim-Altera Info: sim:/multiplier/\\bloco_controle|pronto~combout\\ \
ModelSim-Altera Info: sim:/multiplier/\\bloco_controle|state.S0~regout\\ \
ModelSim-Altera Info: sim:/multiplier/\\bloco_controle|state.S1~regout\\ \
ModelSim-Altera Info: sim:/multiplier/\\bloco_controle|state.S2~regout\\ \
ModelSim-Altera Info: sim:/multiplier/\\bloco_controle|state.S3~regout\\ \
ModelSim-Altera Info: sim:/multiplier/\\bloco_controle|state.S4~regout\\ \
ModelSim-Altera Info: sim:/multiplier/\\bloco_controle|state.S5~regout\\ \
ModelSim-Altera Info: sim:/multiplier/\\bloco_controle|state~11_combout\\ \
ModelSim-Altera Info: sim:/multiplier/\\bloco_controle|state~12_combout\\ \
ModelSim-Altera Info: sim:/multiplier/\\bloco_controle|state~13_combout\\ \
ModelSim-Altera Info: sim:/multiplier/\\b~combout\\ \
ModelSim-Altera Info: sim:/multiplier/\\clk~clkctrl_INCLK_bus\\ \
ModelSim-Altera Info: sim:/multiplier/\\clk~clkctrl_outclk\\ \
ModelSim-Altera Info: sim:/multiplier/\\clk~combout\\ \
ModelSim-Altera Info: sim:/multiplier/\\four_bit|geraAz|Equal0~0_combout\\ \
ModelSim-Altera Info: sim:/multiplier/\\four_bit|geraAz|Equal0~1_combout\\ \
ModelSim-Altera Info: sim:/multiplier/\\four_bit|geraAz|Equal0~2_combout\\ \
ModelSim-Altera Info: sim:/multiplier/\\four_bit|geraAz|Equal0~3_combout\\ \
ModelSim-Altera Info: sim:/multiplier/\\four_bit|geraAz|Equal0~4_combout\\ \
ModelSim-Altera Info: sim:/multiplier/\\four_bit|geraBz|Equal0~0_combout\\ \
ModelSim-Altera Info: sim:/multiplier/\\four_bit|geraBz|Equal0~1_combout\\ \
ModelSim-Altera Info: sim:/multiplier/\\four_bit|geraBz|Equal0~2_combout\\ \
ModelSim-Altera Info: sim:/multiplier/\\four_bit|geraBz|Equal0~3_combout\\ \
ModelSim-Altera Info: sim:/multiplier/\\four_bit|geraBz|Equal0~4_combout\\ \
ModelSim-Altera Info: sim:/multiplier/\\four_bit|mux1|y\[0\]~0_combout\\ \
ModelSim-Altera Info: sim:/multiplier/\\four_bit|mux1|y\[10\]~10_combout\\ \
ModelSim-Altera Info: sim:/multiplier/\\four_bit|mux1|y\[11\]~11_combout\\ \
ModelSim-Altera Info: sim:/multiplier/\\four_bit|mux1|y\[12\]~12_combout\\ \
ModelSim-Altera Info: sim:/multiplier/\\four_bit|mux1|y\[13\]~13_combout\\ \
ModelSim-Altera Info: sim:/multiplier/\\four_bit|mux1|y\[14\]~14_combout\\ \
ModelSim-Altera Info: sim:/multiplier/\\four_bit|mux1|y\[15\]~15_combout\\ \
ModelSim-Altera Info: sim:/multiplier/\\four_bit|mux1|y\[1\]~1_combout\\ \
ModelSim-Altera Info: sim:/multiplier/\\four_bit|mux1|y\[2\]~2_combout\\ \
ModelSim-Altera Info: sim:/multiplier/\\four_bit|mux1|y\[3\]~3_combout\\ \
ModelSim-Altera Info: sim:/multiplier/\\four_bit|mux1|y\[4\]~4_combout\\ \
ModelSim-Altera Info: sim:/multiplier/\\four_bit|mux1|y\[5\]~5_combout\\ \
ModelSim-Altera Info: sim:/multiplier/\\four_bit|mux1|y\[6\]~6_combout\\ \
ModelSim-Altera Info: sim:/multiplier/\\four_bit|mux1|y\[7\]~7_combout\\ \
ModelSim-Altera Info: sim:/multiplier/\\four_bit|mux1|y\[8\]~8_combout\\ \
ModelSim-Altera Info: sim:/multiplier/\\four_bit|mux1|y\[9\]~9_combout\\ \
ModelSim-Altera Info: sim:/multiplier/\\four_bit|mux2|y\[0\]~0_combout\\ \
ModelSim-Altera Info: sim:/multiplier/\\four_bit|mux2|y\[10\]~10_combout\\ \
ModelSim-Altera Info: sim:/multiplier/\\four_bit|mux2|y\[11\]~11_combout\\ \
ModelSim-Altera Info: sim:/multiplier/\\four_bit|mux2|y\[12\]~12_combout\\ \
ModelSim-Altera Info: sim:/multiplier/\\four_bit|mux2|y\[13\]~13_combout\\ \
ModelSim-Altera Info: sim:/multiplier/\\four_bit|mux2|y\[14\]~14_combout\\ \
ModelSim-Altera Info: sim:/multiplier/\\four_bit|mux2|y\[15\]~15_combout\\ \
ModelSim-Altera Info: sim:/multiplier/\\four_bit|mux2|y\[1\]~1_combout\\ \
ModelSim-Altera Info: sim:/multiplier/\\four_bit|mux2|y\[2\]~2_combout\\ \
ModelSim-Altera Info: sim:/multiplier/\\four_bit|mux2|y\[3\]~3_combout\\ \
ModelSim-Altera Info: sim:/multiplier/\\four_bit|mux2|y\[4\]~4_combout\\ \
ModelSim-Altera Info: sim:/multiplier/\\four_bit|mux2|y\[5\]~5_combout\\ \
ModelSim-Altera Info: sim:/multiplier/\\four_bit|mux2|y\[6\]~6_combout\\ \
ModelSim-Altera Info: sim:/multiplier/\\four_bit|mux2|y\[7\]~7_combout\\ \
ModelSim-Altera Info: sim:/multiplier/\\four_bit|mux2|y\[8\]~8_combout\\ \
ModelSim-Altera Info: sim:/multiplier/\\four_bit|mux2|y\[9\]~9_combout\\ \
ModelSim-Altera Info: sim:/multiplier/\\four_bit|regA|q\\ \
ModelSim-Altera Info: sim:/multiplier/\\four_bit|regB|q\[1\]~feeder_combout\\ \
ModelSim-Altera Info: sim:/multiplier/\\four_bit|regB|q\[3\]~feeder_combout\\ \
ModelSim-Altera Info: sim:/multiplier/\\four_bit|regB|q\[6\]~feeder_combout\\ \
ModelSim-Altera Info: sim:/multiplier/\\four_bit|regB|q\\ \
ModelSim-Altera Info: sim:/multiplier/\\four_bit|regP|q\\ \
ModelSim-Altera Info: sim:/multiplier/\\four_bit|somasub|Add0~0_combout\\ \
ModelSim-Altera Info: sim:/multiplier/\\four_bit|somasub|Add0~10\\ \
ModelSim-Altera Info: sim:/multiplier/\\four_bit|somasub|Add0~11_combout\\ \
ModelSim-Altera Info: sim:/multiplier/\\four_bit|somasub|Add0~12_combout\\ \
ModelSim-Altera Info: sim:/multiplier/\\four_bit|somasub|Add0~13\\ \
ModelSim-Altera Info: sim:/multiplier/\\four_bit|somasub|Add0~14_combout\\ \
ModelSim-Altera Info: sim:/multiplier/\\four_bit|somasub|Add0~15_combout\\ \
ModelSim-Altera Info: sim:/multiplier/\\four_bit|somasub|Add0~16\\ \
ModelSim-Altera Info: sim:/multiplier/\\four_bit|somasub|Add0~17_combout\\ \
ModelSim-Altera Info: sim:/multiplier/\\four_bit|somasub|Add0~18_combout\\ \
ModelSim-Altera Info: sim:/multiplier/\\four_bit|somasub|Add0~19\\ \
ModelSim-Altera Info: sim:/multiplier/\\four_bit|somasub|Add0~20_combout\\ \
ModelSim-Altera Info: sim:/multiplier/\\four_bit|somasub|Add0~21_combout\\ \
ModelSim-Altera Info: sim:/multiplier/\\four_bit|somasub|Add0~22\\ \
ModelSim-Altera Info: sim:/multiplier/\\four_bit|somasub|Add0~23_combout\\ \
ModelSim-Altera Info: sim:/multiplier/\\four_bit|somasub|Add0~24_combout\\ \
ModelSim-Altera Info: sim:/multiplier/\\four_bit|somasub|Add0~25\\ \
ModelSim-Altera Info: sim:/multiplier/\\four_bit|somasub|Add0~26_combout\\ \
ModelSim-Altera Info: sim:/multiplier/\\four_bit|somasub|Add0~27_combout\\ \
ModelSim-Altera Info: sim:/multiplier/\\four_bit|somasub|Add0~28\\ \
ModelSim-Altera Info: sim:/multiplier/\\four_bit|somasub|Add0~29_combout\\ \
ModelSim-Altera Info: sim:/multiplier/\\four_bit|somasub|Add0~2_cout\\ \
ModelSim-Altera Info: sim:/multiplier/\\four_bit|somasub|Add0~30_combout\\ \
ModelSim-Altera Info: sim:/multiplier/\\four_bit|somasub|Add0~31\\ \
ModelSim-Altera Info: sim:/multiplier/\\four_bit|somasub|Add0~32_combout\\ \
ModelSim-Altera Info: sim:/multiplier/\\four_bit|somasub|Add0~33_combout\\ \
ModelSim-Altera Info: sim:/multiplier/\\four_bit|somasub|Add0~34\\ \
ModelSim-Altera Info: sim:/multiplier/\\four_bit|somasub|Add0~35_combout\\ \
ModelSim-Altera Info: sim:/multiplier/\\four_bit|somasub|Add0~36_combout\\ \
ModelSim-Altera Info: sim:/multiplier/\\four_bit|somasub|Add0~37\\ \
ModelSim-Altera Info: sim:/multiplier/\\four_bit|somasub|Add0~38_combout\\ \
ModelSim-Altera Info: sim:/multiplier/\\four_bit|somasub|Add0~39_combout\\ \
ModelSim-Altera Info: sim:/multiplier/\\four_bit|somasub|Add0~3_combout\\ \
ModelSim-Altera Info: sim:/multiplier/\\four_bit|somasub|Add0~40\\ \
ModelSim-Altera Info: sim:/multiplier/\\four_bit|somasub|Add0~41_combout\\ \
ModelSim-Altera Info: sim:/multiplier/\\four_bit|somasub|Add0~42_combout\\ \
ModelSim-Altera Info: sim:/multiplier/\\four_bit|somasub|Add0~43\\ \
ModelSim-Altera Info: sim:/multiplier/\\four_bit|somasub|Add0~44_combout\\ \
ModelSim-Altera Info: sim:/multiplier/\\four_bit|somasub|Add0~45_combout\\ \
ModelSim-Altera Info: sim:/multiplier/\\four_bit|somasub|Add0~46\\ \
ModelSim-Altera Info: sim:/multiplier/\\four_bit|somasub|Add0~47_combout\\ \
ModelSim-Altera Info: sim:/multiplier/\\four_bit|somasub|Add0~48_combout\\ \
ModelSim-Altera Info: sim:/multiplier/\\four_bit|somasub|Add0~4\\ \
ModelSim-Altera Info: sim:/multiplier/\\four_bit|somasub|Add0~5_combout\\ \
ModelSim-Altera Info: sim:/multiplier/\\four_bit|somasub|Add0~6_combout\\ \
ModelSim-Altera Info: sim:/multiplier/\\four_bit|somasub|Add0~7\\ \
ModelSim-Altera Info: sim:/multiplier/\\four_bit|somasub|Add0~8_combout\\ \
ModelSim-Altera Info: sim:/multiplier/\\four_bit|somasub|Add0~9_combout\\ \
ModelSim-Altera Info: sim:/multiplier/\\inicio~combout\\ \
ModelSim-Altera Info: sim:/multiplier/\\reset~clkctrl_INCLK_bus\\ \
ModelSim-Altera Info: sim:/multiplier/\\reset~clkctrl_outclk\\ \
ModelSim-Altera Info: sim:/multiplier/\\reset~combout\\ \
ModelSim-Altera Info: sim:/multiplier/a \
ModelSim-Altera Info: sim:/multiplier/b \
ModelSim-Altera Info: sim:/multiplier/clk \
ModelSim-Altera Info: sim:/multiplier/devclrn \
ModelSim-Altera Info: sim:/multiplier/devoe \
ModelSim-Altera Info: sim:/multiplier/devpor \
ModelSim-Altera Info: sim:/multiplier/gnd \
ModelSim-Altera Info: sim:/multiplier/inicio \
ModelSim-Altera Info: sim:/multiplier/pronto \
ModelSim-Altera Info: sim:/multiplier/reset \
ModelSim-Altera Info: sim:/multiplier/saida \
ModelSim-Altera Info: sim:/multiplier/unknown \
ModelSim-Altera Info: sim:/multiplier/vcc \
ModelSim-Altera Info: sim:/multiplier/ww_a \
ModelSim-Altera Info: sim:/multiplier/ww_b \
ModelSim-Altera Info: sim:/multiplier/ww_clk \
ModelSim-Altera Info: sim:/multiplier/ww_devclrn \
ModelSim-Altera Info: sim:/multiplier/ww_devoe \
ModelSim-Altera Info: sim:/multiplier/ww_devpor \
ModelSim-Altera Info: sim:/multiplier/ww_inicio \
ModelSim-Altera Info: sim:/multiplier/ww_pronto \
ModelSim-Altera Info: sim:/multiplier/ww_reset \
ModelSim-Altera Info: sim:/multiplier/ww_saida
ModelSim-Altera Info: force -freeze sim:/multiplier/reset 1 0
ModelSim-Altera Info: force -freeze sim:/multiplier/reset 1 0
ModelSim-Altera Info: run 100ns
Info: NativeLink simulation flow was successful
