------------------------------------------------------------
TimeQuest Timing Analyzer Summary
------------------------------------------------------------

Type  : Slow Model Setup 'bc:bloco_controle|state.S1'
Slack : -1.656
TNS   : -1.656

Type  : Slow Model Setup 'bc:bloco_controle|state.S0'
Slack : -1.570
TNS   : -1.570

Type  : Slow Model Setup 'clk'
Slack : -1.521
TNS   : -7.005

Type  : Slow Model Setup 'bc:bloco_controle|state.S3'
Slack : -1.460
TNS   : -1.460

Type  : Slow Model Hold 'clk'
Slack : -2.539
TNS   : -17.234

Type  : Slow Model Hold 'bc:bloco_controle|state.S1'
Slack : -0.646
TNS   : -0.646

Type  : Slow Model Hold 'bc:bloco_controle|state.S3'
Slack : -0.411
TNS   : -0.411

Type  : Slow Model Hold 'bc:bloco_controle|state.S0'
Slack : 1.458
TNS   : 0.000

Type  : Slow Model Recovery 'clk'
Slack : 1.468
TNS   : 0.000

Type  : Slow Model Removal 'clk'
Slack : -0.698
TNS   : -2.792

Type  : Slow Model Minimum Pulse Width 'clk'
Slack : -1.380
TNS   : -19.380

Type  : Slow Model Minimum Pulse Width 'bc:bloco_controle|state.S0'
Slack : 0.500
TNS   : 0.000

Type  : Slow Model Minimum Pulse Width 'bc:bloco_controle|state.S1'
Slack : 0.500
TNS   : 0.000

Type  : Slow Model Minimum Pulse Width 'bc:bloco_controle|state.S3'
Slack : 0.500
TNS   : 0.000

Type  : Fast Model Setup 'bc:bloco_controle|state.S1'
Slack : -0.406
TNS   : -0.406

Type  : Fast Model Setup 'clk'
Slack : -0.394
TNS   : -0.397

Type  : Fast Model Setup 'bc:bloco_controle|state.S0'
Slack : -0.368
TNS   : -0.368

Type  : Fast Model Setup 'bc:bloco_controle|state.S3'
Slack : -0.338
TNS   : -0.338

Type  : Fast Model Hold 'clk'
Slack : -1.580
TNS   : -14.149

Type  : Fast Model Hold 'bc:bloco_controle|state.S1'
Slack : -0.277
TNS   : -0.277

Type  : Fast Model Hold 'bc:bloco_controle|state.S3'
Slack : -0.186
TNS   : -0.186

Type  : Fast Model Hold 'bc:bloco_controle|state.S0'
Slack : 0.890
TNS   : 0.000

Type  : Fast Model Recovery 'clk'
Slack : 1.567
TNS   : 0.000

Type  : Fast Model Removal 'clk'
Slack : -0.687
TNS   : -2.748

Type  : Fast Model Minimum Pulse Width 'clk'
Slack : -1.380
TNS   : -19.380

Type  : Fast Model Minimum Pulse Width 'bc:bloco_controle|state.S0'
Slack : 0.500
TNS   : 0.000

Type  : Fast Model Minimum Pulse Width 'bc:bloco_controle|state.S1'
Slack : 0.500
TNS   : 0.000

Type  : Fast Model Minimum Pulse Width 'bc:bloco_controle|state.S3'
Slack : 0.500
TNS   : 0.000

------------------------------------------------------------
